D:\syam\projects\department_project\department_project\src\main\java\com\department\department_project\error\DepartmentNotFoundException.java
D:\syam\projects\department_project\department_project\src\main\java\com\department\department_project\services\DepartmentService.java
D:\syam\projects\department_project\department_project\src\main\java\com\department\department_project\services\DepartmentServiceImpl.java
D:\syam\projects\department_project\department_project\src\main\java\com\department\department_project\error\RestResponseEntityExceptionHandler.java
D:\syam\projects\department_project\department_project\src\main\java\com\department\department_project\controller\DepartmentController.java
D:\syam\projects\department_project\department_project\src\main\java\com\department\department_project\repository\DepartmentRepository.java
D:\syam\projects\department_project\department_project\src\main\java\com\department\department_project\DepartmentProjectApplication.java
D:\syam\projects\department_project\department_project\src\main\java\com\department\department_project\entity\ErrorMessage.java
D:\syam\projects\department_project\department_project\src\main\java\com\department\department_project\entity\Department.java
